2026-05-07 21:42:45 | __main__ | INFO     | --- Запуск программы ---
2026-05-07 21:42:45 | src.utils | INFO     | 📂 Начинаю загрузку из: data/operations.json
2026-05-07 21:42:45 | src.utils | INFO     | ✅ Успешно загружено 101 операций.
2026-05-07 21:42:45 | src.utils | INFO     | 📂 Начинаю загрузку из: data/ghost_file.json
2026-05-07 21:42:45 | src.utils | WARNING  | ️ Файл не найден: data/ghost_file.json
2026-05-07 21:42:45 | __main__ | INFO     |  руб. 31957.58 → 31957.58 RUB
2026-05-07 21:42:45 | src.external_api | INFO     | 🔄 Конвертирую 8221.37 USD → RUB
2026-05-07 21:42:57 | src.external_api | ERROR    | ❌ Ошибка API: HTTPSConnectionPool(host='api.apilayer.com', port=443): Read timed out.
2026-05-07 21:42:57 | __main__ | INFO     |  USD 8221.37 → 8221.37 RUB
2026-05-07 21:42:57 | src.external_api | INFO     | 🔄 Конвертирую 9824.07 USD → RUB
2026-05-07 21:42:58 | src.external_api | INFO     | ✅ Курс получен: 1 USD = 74.651879 RUB
2026-05-07 21:42:58 | __main__ | INFO     |  USD 9824.07 → 733385.28 RUB
2026-05-07 21:42:58 | __main__ | INFO     | --- Программа завершена ---
2026-05-07 21:47:00 | __main__ | INFO     | --- Запуск программы ---
2026-05-07 21:47:00 | src.utils | INFO     | 📂 Начинаю загрузку из: data/operations.json
2026-05-07 21:47:00 | src.utils | INFO     | ✅ Успешно загружено 101 операций.
2026-05-07 21:47:00 | src.utils | INFO     | 📂 Начинаю загрузку из: data/ghost_file.json
2026-05-07 21:47:00 | src.utils | WARNING  | ️ Файл не найден: data/ghost_file.json
2026-05-07 21:47:00 | __main__ | INFO     |  руб. 31957.58 → 31957.58 RUB
2026-05-07 21:47:00 | src.external_api | INFO     | 🔄 Конвертирую 8221.37 USD → RUB
2026-05-07 21:47:02 | src.external_api | INFO     | ✅ Курс получен: 1 USD = 74.659512 RUB
2026-05-07 21:47:02 | __main__ | INFO     |  USD 8221.37 → 613803.47 RUB
2026-05-07 21:47:02 | src.external_api | INFO     | 🔄 Конвертирую 9824.07 USD → RUB
2026-05-07 21:47:03 | src.external_api | INFO     | ✅ Курс получен: 1 USD = 74.659512 RUB
2026-05-07 21:47:03 | __main__ | INFO     |  USD 9824.07 → 733460.27 RUB
2026-05-07 21:47:03 | __main__ | INFO     | --- Программа завершена ---
